// Jest Snapshot v1, https://goo.gl/fbAQLP

exports[`renders correctly 1`] = `
<div>
  <View
    style={
      {
        "alignItems": "center",
        "flexDirection": "row",
        "justifyContent": "space-between",
      }
    }
  >
    <Text
      accessibilityHint="header"
      accessibilityLabel="header"
      accessibilityRole="text"
      accessible={true}
      allowFontScaling={false}
      style={
        [
          {},
          [
            {
              "fontSize": 23,
              "lineHeight": 35,
            },
            {
              "fontFamily": "Helvetica Neue",
            },
            {
              "color": "#191015",
            },
          ],
          undefined,
          undefined,
          {
            "color": "#DEDDDE",
            "fontFamily": "Helvetica Neue",
            "fontSize": 52,
            "lineHeight": 63,
          },
        ]
      }
    >
      resources.header undefined
    </Text>
    <View
      accessibilityRole="imagebutton"
      accessibilityState={
        {
          "busy": undefined,
          "checked": undefined,
          "disabled": undefined,
          "expanded": undefined,
          "selected": undefined,
        }
      }
      accessibilityValue={
        {
          "max": undefined,
          "min": undefined,
          "now": undefined,
          "text": undefined,
        }
      }
      accessible={true}
      collapsable={false}
      focusable={true}
      onClick={[Function]}
      onResponderGrant={[Function]}
      onResponderMove={[Function]}
      onResponderRelease={[Function]}
      onResponderTerminate={[Function]}
      onResponderTerminationRequest={[Function]}
      onStartShouldSetResponder={[Function]}
      style={
        {
          "alignItems": "center",
          "backgroundColor": "#1E2022",
          "borderRadius": 35,
          "height": 60,
          "justifyContent": "center",
          "opacity": 1,
          "width": 60,
        }
      }
    >
      <RCTImageView
        accessibilityState={
          {
            "busy": undefined,
            "checked": undefined,
            "disabled": undefined,
            "expanded": undefined,
            "selected": undefined,
          }
        }
        internal_analyticTag={null}
        resizeMode="contain"
        source={
          [
            {
              "height": undefined,
              "uri": undefined,
              "width": undefined,
            },
          ]
        }
        style={
          {
            "height": 35,
            "overflow": "hidden",
            "resizeMode": "contain",
            "width": 35,
          }
        }
      />
    </View>
  </View>
  <View
    style={
      {
        "height": 115,
        "marginTop": 15,
      }
    }
  >
    <RCTScrollView
      horizontal={true}
      style={
        {
          "height": 115,
          "marginTop": 15,
        }
      }
    >
      <View>
        <View
          accessibilityHint="show news view"
          accessibilityLabel="news button"
          accessibilityRole="button"
          accessibilityState={
            {
              "busy": undefined,
              "checked": undefined,
              "disabled": undefined,
              "expanded": undefined,
              "selected": undefined,
            }
          }
          accessibilityValue={
            {
              "max": undefined,
              "min": undefined,
              "now": undefined,
              "text": undefined,
            }
          }
          accessible={true}
          collapsable={false}
          focusable={true}
          onBlur={[Function]}
          onClick={[Function]}
          onFocus={[Function]}
          onResponderGrant={[Function]}
          onResponderMove={[Function]}
          onResponderRelease={[Function]}
          onResponderTerminate={[Function]}
          onResponderTerminationRequest={[Function]}
          onStartShouldSetResponder={[Function]}
          style={
            [
              [
                {
                  "alignItems": "center",
                  "borderRadius": 6,
                  "flexDirection": "row",
                  "justifyContent": "center",
                  "minHeight": 80,
                  "overflow": "hidden",
                  "paddingHorizontal": 17,
                  "paddingVertical": 17,
                },
                {
                  "backgroundColor": "#FFFFFF",
                  "borderColor": "#B6ACA6",
                  "borderWidth": 1,
                },
              ],
              [
                {
                  "backgroundColor": "transparent",
                  "borderRadius": 40,
                  "borderWidth": 0,
                  "height": 66,
                  "marginRight": 0,
                  "minHeight": 58,
                  "paddingHorizontal": 23,
                  "width": "auto",
                },
                {
                  "backgroundColor": "#353739",
                },
              ],
              false,
            ]
          }
        >
          <Text
            allowFontScaling={false}
            style={
              [
                {},
                [
                  {
                    "fontSize": 23,
                    "lineHeight": 35,
                  },
                  {
                    "fontFamily": "Helvetica Neue",
                  },
                  {
                    "color": "#191015",
                  },
                ],
                undefined,
                undefined,
                [
                  {
                    "flexGrow": 0,
                    "flexShrink": 1,
                    "fontFamily": "HelveticaNeue-Medium",
                    "fontSize": 23,
                    "lineHeight": 29,
                    "textAlign": "center",
                    "zIndex": 2,
                  },
                  {
                    "color": "#FFFFFF",
                    "fontFamily": "HelveticaNeue-Medium",
                    "fontSize": undefined,
                    "lineHeight": 32,
                    "textAlignVertical": "center",
                    "textTransform": "capitalize",
                  },
                  false,
                ],
              ]
            }
          >
            resources.tabs.news undefined
          </Text>
        </View>
        <View
          accessibilityHint="show about view"
          accessibilityLabel="about button"
          accessibilityRole="button"
          accessibilityState={
            {
              "busy": undefined,
              "checked": undefined,
              "disabled": undefined,
              "expanded": undefined,
              "selected": undefined,
            }
          }
          accessibilityValue={
            {
              "max": undefined,
              "min": undefined,
              "now": undefined,
              "text": undefined,
            }
          }
          accessible={true}
          collapsable={false}
          focusable={true}
          onBlur={[Function]}
          onClick={[Function]}
          onFocus={[Function]}
          onResponderGrant={[Function]}
          onResponderMove={[Function]}
          onResponderRelease={[Function]}
          onResponderTerminate={[Function]}
          onResponderTerminationRequest={[Function]}
          onStartShouldSetResponder={[Function]}
          style={
            [
              [
                {
                  "alignItems": "center",
                  "borderRadius": 6,
                  "flexDirection": "row",
                  "justifyContent": "center",
                  "minHeight": 80,
                  "overflow": "hidden",
                  "paddingHorizontal": 17,
                  "paddingVertical": 17,
                },
                {
                  "backgroundColor": "#FFFFFF",
                  "borderColor": "#B6ACA6",
                  "borderWidth": 1,
                },
              ],
              [
                {
                  "backgroundColor": "transparent",
                  "borderRadius": 40,
                  "borderWidth": 0,
                  "height": 66,
                  "marginRight": 0,
                  "minHeight": 58,
                  "paddingHorizontal": 23,
                  "width": "auto",
                },
                false,
              ],
              false,
            ]
          }
        >
          <Text
            allowFontScaling={false}
            style={
              [
                {},
                [
                  {
                    "fontSize": 23,
                    "lineHeight": 35,
                  },
                  {
                    "fontFamily": "Helvetica Neue",
                  },
                  {
                    "color": "#191015",
                  },
                ],
                undefined,
                undefined,
                [
                  {
                    "flexGrow": 0,
                    "flexShrink": 1,
                    "fontFamily": "HelveticaNeue-Medium",
                    "fontSize": 23,
                    "lineHeight": 29,
                    "textAlign": "center",
                    "zIndex": 2,
                  },
                  {
                    "color": "#FFFFFF",
                    "fontFamily": "HelveticaNeue-Medium",
                    "fontSize": undefined,
                    "lineHeight": 32,
                    "textAlignVertical": "center",
                    "textTransform": "capitalize",
                  },
                  false,
                ],
              ]
            }
          >
            resources.tabs.about undefined
          </Text>
        </View>
        <View
          accessibilityHint="show details view"
          accessibilityLabel="details button"
          accessibilityRole="button"
          accessibilityState={
            {
              "busy": undefined,
              "checked": undefined,
              "disabled": undefined,
              "expanded": undefined,
              "selected": undefined,
            }
          }
          accessibilityValue={
            {
              "max": undefined,
              "min": undefined,
              "now": undefined,
              "text": undefined,
            }
          }
          accessible={true}
          collapsable={false}
          focusable={true}
          onBlur={[Function]}
          onClick={[Function]}
          onFocus={[Function]}
          onResponderGrant={[Function]}
          onResponderMove={[Function]}
          onResponderRelease={[Function]}
          onResponderTerminate={[Function]}
          onResponderTerminationRequest={[Function]}
          onStartShouldSetResponder={[Function]}
          style={
            [
              [
                {
                  "alignItems": "center",
                  "borderRadius": 6,
                  "flexDirection": "row",
                  "justifyContent": "center",
                  "minHeight": 80,
                  "overflow": "hidden",
                  "paddingHorizontal": 17,
                  "paddingVertical": 17,
                },
                {
                  "backgroundColor": "#FFFFFF",
                  "borderColor": "#B6ACA6",
                  "borderWidth": 1,
                },
              ],
              [
                {
                  "backgroundColor": "transparent",
                  "borderRadius": 40,
                  "borderWidth": 0,
                  "height": 66,
                  "marginRight": 0,
                  "minHeight": 58,
                  "paddingHorizontal": 23,
                  "width": "auto",
                },
                false,
              ],
              false,
            ]
          }
        >
          <Text
            allowFontScaling={false}
            style={
              [
                {},
                [
                  {
                    "fontSize": 23,
                    "lineHeight": 35,
                  },
                  {
                    "fontFamily": "Helvetica Neue",
                  },
                  {
                    "color": "#191015",
                  },
                ],
                undefined,
                undefined,
                [
                  {
                    "flexGrow": 0,
                    "flexShrink": 1,
                    "fontFamily": "HelveticaNeue-Medium",
                    "fontSize": 23,
                    "lineHeight": 29,
                    "textAlign": "center",
                    "zIndex": 2,
                  },
                  {
                    "color": "#FFFFFF",
                    "fontFamily": "HelveticaNeue-Medium",
                    "fontSize": undefined,
                    "lineHeight": 32,
                    "textAlignVertical": "center",
                    "textTransform": "capitalize",
                  },
                  false,
                ],
              ]
            }
          >
            resources.tabs.details undefined
          </Text>
        </View>
        <View
          accessibilityHint="show live view"
          accessibilityLabel="live button"
          accessibilityRole="button"
          accessibilityState={
            {
              "busy": undefined,
              "checked": undefined,
              "disabled": undefined,
              "expanded": undefined,
              "selected": undefined,
            }
          }
          accessibilityValue={
            {
              "max": undefined,
              "min": undefined,
              "now": undefined,
              "text": undefined,
            }
          }
          accessible={true}
          collapsable={false}
          focusable={true}
          onBlur={[Function]}
          onClick={[Function]}
          onFocus={[Function]}
          onResponderGrant={[Function]}
          onResponderMove={[Function]}
          onResponderRelease={[Function]}
          onResponderTerminate={[Function]}
          onResponderTerminationRequest={[Function]}
          onStartShouldSetResponder={[Function]}
          style={
            [
              [
                {
                  "alignItems": "center",
                  "borderRadius": 6,
                  "flexDirection": "row",
                  "justifyContent": "center",
                  "minHeight": 80,
                  "overflow": "hidden",
                  "paddingHorizontal": 17,
                  "paddingVertical": 17,
                },
                {
                  "backgroundColor": "#FFFFFF",
                  "borderColor": "#B6ACA6",
                  "borderWidth": 1,
                },
              ],
              [
                {
                  "backgroundColor": "transparent",
                  "borderRadius": 40,
                  "borderWidth": 0,
                  "height": 66,
                  "marginRight": 0,
                  "minHeight": 58,
                  "paddingHorizontal": 23,
                  "width": "auto",
                },
                false,
              ],
              false,
            ]
          }
        >
          <Text
            allowFontScaling={false}
            style={
              [
                {},
                [
                  {
                    "fontSize": 23,
                    "lineHeight": 35,
                  },
                  {
                    "fontFamily": "Helvetica Neue",
                  },
                  {
                    "color": "#191015",
                  },
                ],
                undefined,
                undefined,
                [
                  {
                    "flexGrow": 0,
                    "flexShrink": 1,
                    "fontFamily": "HelveticaNeue-Medium",
                    "fontSize": 23,
                    "lineHeight": 29,
                    "textAlign": "center",
                    "zIndex": 2,
                  },
                  {
                    "color": "#FFFFFF",
                    "fontFamily": "HelveticaNeue-Medium",
                    "fontSize": undefined,
                    "lineHeight": 32,
                    "textAlignVertical": "center",
                    "textTransform": "capitalize",
                  },
                  false,
                ],
              ]
            }
          >
            resources.tabs.live undefined
          </Text>
        </View>
      </View>
    </RCTScrollView>
  </View>
  <RCTScrollView
    ListFooterComponent={[Function]}
    data={[]}
    getItem={[Function]}
    getItemCount={[Function]}
    keyExtractor={[Function]}
    onContentSizeChange={[Function]}
    onEndReached={[Function]}
    onEndReachedThreshold={0.5}
    onLayout={[Function]}
    onMomentumScrollBegin={[Function]}
    onMomentumScrollEnd={[Function]}
    onScroll={[Function]}
    onScrollBeginDrag={[Function]}
    onScrollEndDrag={[Function]}
    removeClippedSubviews={false}
    renderItem={[Function]}
    scrollEventThrottle={50}
    stickyHeaderIndices={[]}
    viewabilityConfigCallbackPairs={[]}
  >
    <View>
      <View
        onLayout={[Function]}
      />
    </View>
  </RCTScrollView>
  <Modal
    animationType="none"
    deviceHeight={null}
    deviceWidth={null}
    hardwareAccelerated={false}
    hideModalContentWhileAnimating={false}
    onBackdropPress={[Function]}
    onModalHide={[Function]}
    onModalWillHide={[Function]}
    onModalWillShow={[Function]}
    onRequestClose={[Function]}
    panResponderThreshold={4}
    scrollHorizontal={false}
    scrollOffset={0}
    scrollOffsetMax={0}
    scrollTo={null}
    statusBarTranslucent={false}
    supportedOrientations={
      [
        "portrait",
        "landscape",
      ]
    }
    swipeThreshold={100}
    transparent={true}
    useNativeDriverForBackdrop={true}
    visible={false}
  />
</div>
`;
