// Jest Snapshot v1, https://goo.gl/fbAQLP

exports[`renders correctly 1`] = `
<div>
  <div />
  <View
    style={
      [
        {
          "left": 0,
          "paddingHorizontal": 52,
          "position": "absolute",
          "top": 0,
          "width": "100%",
        },
        {
          "top": 26,
        },
      ]
    }
  >
    <View
      style={
        {
          "alignItems": "center",
          "flexDirection": "row",
          "justifyContent": "space-between",
          "marginBottom": 52,
        }
      }
    >
      <View
        accessibilityRole="imagebutton"
        accessibilityState={
          {
            "busy": undefined,
            "checked": undefined,
            "disabled": undefined,
            "expanded": undefined,
            "selected": undefined,
          }
        }
        accessibilityValue={
          {
            "max": undefined,
            "min": undefined,
            "now": undefined,
            "text": undefined,
          }
        }
        accessible={true}
        collapsable={false}
        focusable={true}
        onBlur={[Function]}
        onClick={[Function]}
        onFocus={[Function]}
        onResponderGrant={[Function]}
        onResponderMove={[Function]}
        onResponderRelease={[Function]}
        onResponderTerminate={[Function]}
        onResponderTerminationRequest={[Function]}
        onStartShouldSetResponder={[Function]}
      >
        <View
          animatedStyle={
            {
              "value": {},
            }
          }
          collapsable={false}
          style={
            {
              "alignItems": "center",
              "backgroundColor": "#353739",
              "borderRadius": 143,
              "display": "flex",
              "height": 60,
              "justifyContent": "center",
              "overflow": "hidden",
              "position": "relative",
              "width": 60,
            }
          }
        >
          <View
            style={
              [
                {
                  "backgroundColor": "transparent",
                },
                [
                  {
                    "alignItems": "center",
                    "backgroundColor": "#1E2022",
                    "borderRadius": 143,
                    "display": "flex",
                    "height": 60,
                    "justifyContent": "center",
                    "overflow": "hidden",
                    "position": "relative",
                    "width": 60,
                  },
                  undefined,
                ],
              ]
            }
          >
            <ViewManagerAdapter_ExpoBlurView
              proxiedProperties={
                {
                  "intensity": 0,
                  "tint": "default",
                }
              }
              style={
                {
                  "bottom": 0,
                  "left": 0,
                  "position": "absolute",
                  "right": 0,
                  "top": 0,
                }
              }
            />
            <View>
              <RCTImageView
                accessibilityState={
                  {
                    "busy": undefined,
                    "checked": undefined,
                    "disabled": undefined,
                    "expanded": undefined,
                    "selected": undefined,
                  }
                }
                internal_analyticTag={null}
                resizeMode="contain"
                source={
                  [
                    {
                      "height": undefined,
                      "uri": undefined,
                      "width": undefined,
                    },
                  ]
                }
                style={
                  {
                    "height": 29,
                    "overflow": "hidden",
                    "resizeMode": "contain",
                    "tintColor": "#DEDDDE",
                    "width": 29,
                  }
                }
                tintColor="#DEDDDE"
              />
            </View>
          </View>
        </View>
      </View>
    </View>
    <View
      collapsable={false}
      style={
        {
          "zIndex": 1,
        }
      }
    >
      <View
        accessibilityState={
          {
            "busy": undefined,
            "checked": undefined,
            "disabled": false,
            "expanded": undefined,
            "selected": undefined,
          }
        }
        accessibilityValue={
          {
            "max": undefined,
            "min": undefined,
            "now": undefined,
            "text": undefined,
          }
        }
        accessible={true}
        collapsable={false}
        focusable={true}
        onClick={[Function]}
        onResponderGrant={[Function]}
        onResponderMove={[Function]}
        onResponderRelease={[Function]}
        onResponderTerminate={[Function]}
        onResponderTerminationRequest={[Function]}
        onStartShouldSetResponder={[Function]}
        style={
          {
            "opacity": 1,
          }
        }
      >
        <View
          style={
            [
              {
                "alignItems": "flex-start",
                "backgroundColor": "#1E2022",
                "borderRadius": 40,
                "flexDirection": "row",
                "height": 80,
                "overflow": "hidden",
              },
              false,
              undefined,
              {
                "paddingStart": 0,
              },
              {
                "paddingEnd": 0,
              },
              {
                "backgroundColor": "#1E2022",
                "borderColor": "transparent",
                "borderRadius": 40,
                "borderWidth": 2,
                "height": 80,
                "marginBottom": 26,
                "overflow": "hidden",
              },
            ]
          }
        >
          <View>
            <RCTImageView
              accessibilityState={
                {
                  "busy": undefined,
                  "checked": undefined,
                  "disabled": undefined,
                  "expanded": undefined,
                  "selected": undefined,
                }
              }
              internal_analyticTag={null}
              resizeMode="contain"
              source={
                [
                  {
                    "height": undefined,
                    "uri": undefined,
                    "width": undefined,
                  },
                ]
              }
              style={
                {
                  "alignItems": "center",
                  "height": 80,
                  "justifyContent": "center",
                  "marginStart": 35,
                  "overflow": "hidden",
                  "resizeMode": "contain",
                  "tintColor": "#ADADAE",
                  "width": 40,
                }
              }
              tintColor="#ADADAE"
            />
          </View>
          <TextInput
            accessibilityHint="type for search location"
            accessibilityLabel="search location"
            accessibilityRole="search"
            accessible={true}
            allowFontScaling={false}
            autoCapitalize="none"
            autoCorrect={false}
            clearButtonMode="never"
            editable={true}
            onBlur={[Function]}
            onChangeText={[Function]}
            onFocus={[Function]}
            placeholder="homeScreen.selectLocation.inputPlaceholder undefined"
            placeholderTextColor="#ADADAE"
            style={
              [
                {
                  "alignSelf": "stretch",
                  "color": "#DEDDDE",
                  "flex": 1,
                  "fontFamily": "Helvetica Neue",
                  "fontSize": 26,
                  "height": 80,
                  "marginHorizontal": 17,
                  "paddingHorizontal": 0,
                  "paddingVertical": 0,
                  "textAlignVertical": "center",
                },
                false,
                undefined,
                undefined,
                {
                  "alignSelf": "stretch",
                  "backgroundColor": "transparent",
                  "borderRadius": 0,
                  "color": "#DEDDDE",
                  "flex": 1,
                  "fontFamily": "Helvetica Neue",
                  "fontSize": 26,
                  "height": 80,
                  "lineHeight": 32,
                  "marginHorizontal": 17,
                  "paddingHorizontal": 0,
                  "textAlignVertical": "center",
                },
              ]
            }
            textAlignVertical="top"
            underlineColorAndroid="rgba(0, 0, 0, 0)"
            value=""
          />
        </View>
      </View>
    </View>
  </View>
  <Modal
    animationType="none"
    deviceHeight={null}
    deviceWidth={null}
    hardwareAccelerated={false}
    hideModalContentWhileAnimating={true}
    onBackdropPress={[Function]}
    onModalHide={[Function]}
    onModalWillHide={[Function]}
    onModalWillShow={[Function]}
    onRequestClose={[Function]}
    onSwipeComplete={[Function]}
    panResponderThreshold={4}
    scrollHorizontal={false}
    scrollOffset={0}
    scrollOffsetMax={0}
    scrollTo={null}
    statusBarTranslucent={false}
    supportedOrientations={
      [
        "portrait",
        "landscape",
      ]
    }
    swipeDirection="down"
    swipeThreshold={100}
    transparent={true}
    useNativeDriverForBackdrop={true}
    visible={false}
  />
</div>
`;
