// Jest Snapshot v1, https://goo.gl/fbAQLP

exports[`renders correctly 1`] = `
<View
  style={
    [
      {
        "backgroundColor": "#1E2022",
        "borderTopLeftRadius": 26,
        "borderTopRightRadius": 26,
        "flex": 1,
      },
      {},
      {},
      {
        "fontFamily": "Helvetica Neue",
        "fontSize": 20,
      },
    ]
  }
>
  <View
    onLayout={[Function]}
    style={
      [
        {
          "flex": 1,
        },
        {
          "paddingBottom": 0,
        },
      ]
    }
  >
    <View
      accessibilityHint="close modal"
      accessibilityLabel="x button"
      accessibilityRole="button"
      accessibilityState={
        {
          "busy": undefined,
          "checked": undefined,
          "disabled": undefined,
          "expanded": undefined,
          "selected": undefined,
        }
      }
      accessibilityValue={
        {
          "max": undefined,
          "min": undefined,
          "now": undefined,
          "text": undefined,
        }
      }
      accessible={true}
      collapsable={false}
      focusable={true}
      onClick={[Function]}
      onResponderGrant={[Function]}
      onResponderMove={[Function]}
      onResponderRelease={[Function]}
      onResponderTerminate={[Function]}
      onResponderTerminationRequest={[Function]}
      onStartShouldSetResponder={[Function]}
      style={
        {
          "opacity": 1,
          "padding": 26,
          "position": "absolute",
          "right": 0,
          "top": 0,
          "zIndex": 5,
        }
      }
    >
      <RCTImageView
        accessibilityState={
          {
            "busy": undefined,
            "checked": undefined,
            "disabled": undefined,
            "expanded": undefined,
            "selected": undefined,
          }
        }
        internal_analyticTag={null}
        resizeMode="contain"
        source={
          [
            {
              "height": undefined,
              "uri": undefined,
              "width": undefined,
            },
          ]
        }
        style={
          {
            "height": 52,
            "overflow": "hidden",
            "resizeMode": "contain",
            "tintColor": "#ADADAE",
            "width": 52,
          }
        }
        tintColor="#ADADAE"
      />
    </View>
    <Text
      accessibilityHint="title"
      accessibilityLabel="title"
      accessibilityRole="text"
      accessible={true}
      allowFontScaling={false}
      style={
        [
          {},
          [
            {
              "fontSize": 23,
              "lineHeight": 35,
            },
            {
              "fontFamily": "Helvetica Neue",
            },
            {
              "color": "#191015",
            },
          ],
          undefined,
          undefined,
          {
            "color": "#DEDDDE",
            "fontFamily": "Helvetica Neue",
            "fontSize": 40,
            "lineHeight": 63,
            "marginBottom": 35,
            "marginTop": 15,
            "paddingHorizontal": 52,
          },
        ]
      }
    >
      homeScreen.selectLocation.title undefined
    </Text>
    <View
      accessibilityState={
        {
          "busy": undefined,
          "checked": undefined,
          "disabled": false,
          "expanded": undefined,
          "selected": undefined,
        }
      }
      accessibilityValue={
        {
          "max": undefined,
          "min": undefined,
          "now": undefined,
          "text": undefined,
        }
      }
      accessible={true}
      collapsable={false}
      focusable={true}
      onClick={[Function]}
      onResponderGrant={[Function]}
      onResponderMove={[Function]}
      onResponderRelease={[Function]}
      onResponderTerminate={[Function]}
      onResponderTerminationRequest={[Function]}
      onStartShouldSetResponder={[Function]}
      style={
        {
          "opacity": 1,
        }
      }
    >
      <View
        style={
          [
            {
              "alignItems": "flex-start",
              "backgroundColor": "#1E2022",
              "borderRadius": 40,
              "flexDirection": "row",
              "height": 80,
              "overflow": "hidden",
            },
            false,
            undefined,
            {
              "paddingStart": 0,
            },
            {
              "paddingEnd": 0,
            },
            {
              "backgroundColor": "#353739",
              "borderColor": "transparent",
              "borderRadius": 40,
              "borderWidth": 2,
              "height": 80,
              "marginHorizontal": 52,
              "overflow": "hidden",
            },
          ]
        }
      >
        <View
          style={
            {
              "alignItems": "center",
              "height": 80,
              "justifyContent": "center",
              "marginStart": 35,
            }
          }
        >
          <RCTImageView
            accessibilityState={
              {
                "busy": undefined,
                "checked": undefined,
                "disabled": undefined,
                "expanded": undefined,
                "selected": undefined,
              }
            }
            internal_analyticTag={null}
            resizeMode="contain"
            source={
              [
                {
                  "height": undefined,
                  "uri": undefined,
                  "width": undefined,
                },
              ]
            }
            style={
              {
                "height": 40,
                "overflow": "hidden",
                "resizeMode": "contain",
                "tintColor": "#ADADAE",
                "width": 40,
              }
            }
            tintColor="#ADADAE"
          />
        </View>
        <TextInput
          accessibilityHint="type for search location"
          accessibilityLabel="search location"
          accessibilityRole="search"
          accessible={true}
          allowFontScaling={false}
          autoCapitalize="none"
          autoCorrect={false}
          editable={true}
          onBlur={[Function]}
          onChangeText={[Function]}
          onFocus={[Function]}
          placeholder="homeScreen.selectLocation.inputPlaceholder undefined"
          placeholderTextColor="#ADADAE"
          style={
            [
              {
                "alignSelf": "stretch",
                "color": "#DEDDDE",
                "flex": 1,
                "fontFamily": "Helvetica Neue",
                "fontSize": 26,
                "height": 80,
                "marginHorizontal": 17,
                "paddingHorizontal": 0,
                "paddingVertical": 0,
                "textAlignVertical": "center",
              },
              false,
              undefined,
              undefined,
              {
                "fontFamily": "Helvetica Neue",
                "fontSize": 20,
              },
            ]
          }
          textAlignVertical="top"
          underlineColorAndroid="rgba(0, 0, 0, 0)"
          value=""
        />
        <View
          accessibilityRole="imagebutton"
          accessibilityState={
            {
              "busy": undefined,
              "checked": undefined,
              "disabled": undefined,
              "expanded": undefined,
              "selected": undefined,
            }
          }
          accessibilityValue={
            {
              "max": undefined,
              "min": undefined,
              "now": undefined,
              "text": undefined,
            }
          }
          accessible={true}
          collapsable={false}
          focusable={true}
          onClick={[Function]}
          onResponderGrant={[Function]}
          onResponderMove={[Function]}
          onResponderRelease={[Function]}
          onResponderTerminate={[Function]}
          onResponderTerminationRequest={[Function]}
          onStartShouldSetResponder={[Function]}
          style={
            {
              "alignItems": "center",
              "height": 80,
              "justifyContent": "center",
              "marginEnd": 35,
              "opacity": 1,
            }
          }
        >
          <RCTImageView
            accessibilityState={
              {
                "busy": undefined,
                "checked": undefined,
                "disabled": undefined,
                "expanded": undefined,
                "selected": undefined,
              }
            }
            internal_analyticTag={null}
            resizeMode="contain"
            source={
              [
                {
                  "height": undefined,
                  "uri": undefined,
                  "width": undefined,
                },
              ]
            }
            style={
              {
                "height": 40,
                "overflow": "hidden",
                "resizeMode": "contain",
                "tintColor": "#ADADAE",
                "width": 40,
              }
            }
            tintColor="#ADADAE"
          />
        </View>
      </View>
    </View>
    <View
      style={
        {
          "paddingHorizontal": 16,
          "paddingTop": 10,
        }
      }
    >
      <View
        accessibilityHint="pressable settings item"
        accessibilityLabel="pressable settings item"
        accessibilityRole="button"
        accessibilityState={
          {
            "busy": undefined,
            "checked": undefined,
            "disabled": undefined,
            "expanded": undefined,
            "selected": undefined,
          }
        }
        accessibilityValue={
          {
            "max": undefined,
            "min": undefined,
            "now": undefined,
            "text": undefined,
          }
        }
        accessible={true}
        collapsable={false}
        focusable={true}
        onBlur={[Function]}
        onClick={[Function]}
        onFocus={[Function]}
        onResponderGrant={[Function]}
        onResponderMove={[Function]}
        onResponderRelease={[Function]}
        onResponderTerminate={[Function]}
        onResponderTerminationRequest={[Function]}
        onStartShouldSetResponder={[Function]}
        style={
          {
            "alignItems": "flex-start",
            "flexDirection": "row",
            "justifyContent": "space-between",
            "paddingTop": 23,
            "width": "100%",
          }
        }
      >
        <View
          style={
            [
              {
                "alignItems": "flex-start",
                "borderBottomWidth": 2,
                "borderColor": "#353739",
                "flex": 1,
                "flexDirection": "row",
                "justifyContent": "space-between",
                "marginLeft": 15,
                "paddingBottom": 23,
              },
              {
                "borderBottomWidth": 0,
              },
            ]
          }
        >
          <View>
            <RCTImageView
              accessibilityState={
                {
                  "busy": undefined,
                  "checked": undefined,
                  "disabled": undefined,
                  "expanded": undefined,
                  "selected": undefined,
                }
              }
              internal_analyticTag={null}
              resizeMode="contain"
              source={
                [
                  {
                    "height": undefined,
                    "uri": undefined,
                    "width": undefined,
                  },
                ]
              }
              style={
                {
                  "height": 35,
                  "overflow": "hidden",
                  "resizeMode": "contain",
                  "tintColor": "#ADADAE",
                  "width": 35,
                }
              }
              tintColor="#ADADAE"
            />
          </View>
          <View
            style={
              {
                "flex": 1,
                "flexDirection": "column",
                "paddingLeft": 26,
              }
            }
          >
            <Text
              accessibilityHint="settings.locationSettings"
              accessibilityLabel="title"
              accessibilityRole="text"
              accessible={true}
              allowFontScaling={false}
              ellipsizeMode="tail"
              numberOfLines={1}
              style={
                [
                  {},
                  [
                    {
                      "fontSize": 23,
                      "lineHeight": 35,
                    },
                    {
                      "fontFamily": "Helvetica Neue",
                    },
                    {
                      "color": "#191015",
                    },
                  ],
                  undefined,
                  undefined,
                  {
                    "color": "#FFFFFF",
                    "fontFamily": "Helvetica Neue",
                    "fontSize": 35,
                    "lineHeight": 42,
                    "width": "95%",
                  },
                ]
              }
            >
              settings.locationSettings undefined
            </Text>
          </View>
          <View>
            <RCTImageView
              accessibilityState={
                {
                  "busy": undefined,
                  "checked": undefined,
                  "disabled": undefined,
                  "expanded": undefined,
                  "selected": undefined,
                }
              }
              internal_analyticTag={null}
              resizeMode="contain"
              source={
                [
                  {
                    "height": undefined,
                    "uri": undefined,
                    "width": undefined,
                  },
                ]
              }
              style={
                {
                  "height": 35,
                  "overflow": "hidden",
                  "resizeMode": "contain",
                  "tintColor": "#353739",
                  "width": 35,
                }
              }
              tintColor="#353739"
            />
          </View>
        </View>
      </View>
    </View>
    <RCTScrollView
      accessibilityHint="type for search location"
      accessibilityLabel="search location"
      accessibilityRole="scrollbar"
      accessible={true}
      keyboardShouldPersistTaps="always"
      style={
        {
          "flex": 1,
          "marginBottom": 35,
          "paddingHorizontal": 52,
        }
      }
    >
      <View />
    </RCTScrollView>
  </View>
  <Modal
    animationType="none"
    deviceHeight={null}
    deviceWidth={null}
    hardwareAccelerated={false}
    hideModalContentWhileAnimating={true}
    onBackdropPress={[Function]}
    onModalHide={[Function]}
    onModalWillHide={[Function]}
    onModalWillShow={[Function]}
    onRequestClose={[Function]}
    onSwipeComplete={[Function]}
    panResponderThreshold={4}
    scrollHorizontal={false}
    scrollOffset={0}
    scrollOffsetMax={0}
    scrollTo={null}
    statusBarTranslucent={false}
    supportedOrientations={
      [
        "portrait",
        "landscape",
      ]
    }
    swipeDirection="down"
    swipeThreshold={100}
    transparent={true}
    useNativeDriverForBackdrop={true}
    visible={false}
  />
</View>
`;
