// Jest Snapshot v1, https://goo.gl/fbAQLP

exports[`ISSNowScreen renders correctly 1`] = `
<div>
  <View
    style={
      [
        {
          "alignItems": "flex-start",
          "flexDirection": "row",
          "justifyContent": "space-between",
          "position": "absolute",
          "width": "100%",
          "zIndex": 10,
        },
        {
          "left": 26,
          "paddingHorizontal": 0,
          "top": 35,
        },
        false,
      ]
    }
  >
    <View
      accessibilityHint="enable/disable full screen mode"
      accessibilityLabel="x or maximize button"
      accessibilityRole="imagebutton"
      accessibilityState={
        {
          "busy": undefined,
          "checked": undefined,
          "disabled": undefined,
          "expanded": undefined,
          "selected": undefined,
        }
      }
      accessibilityValue={
        {
          "max": undefined,
          "min": undefined,
          "now": undefined,
          "text": undefined,
        }
      }
      accessible={true}
      collapsable={false}
      focusable={true}
      onBlur={[Function]}
      onClick={[Function]}
      onFocus={[Function]}
      onResponderGrant={[Function]}
      onResponderMove={[Function]}
      onResponderRelease={[Function]}
      onResponderTerminate={[Function]}
      onResponderTerminationRequest={[Function]}
      onStartShouldSetResponder={[Function]}
    >
      <View
        animatedStyle={
          {
            "value": {},
          }
        }
        collapsable={false}
        style={
          {
            "alignItems": "center",
            "backgroundColor": "#1E2022",
            "borderRadius": 143,
            "display": "flex",
            "height": 60,
            "justifyContent": "center",
            "overflow": "hidden",
            "position": "relative",
            "width": 60,
          }
        }
      >
        <View
          style={
            [
              {
                "backgroundColor": "transparent",
              },
              [
                {
                  "alignItems": "center",
                  "backgroundColor": "#1E2022",
                  "borderRadius": 143,
                  "display": "flex",
                  "height": 60,
                  "justifyContent": "center",
                  "overflow": "hidden",
                  "position": "relative",
                  "width": 60,
                },
                undefined,
              ],
            ]
          }
        >
          <ViewManagerAdapter_ExpoBlurView
            proxiedProperties={
              {
                "intensity": 50,
                "tint": "default",
              }
            }
            style={
              {
                "bottom": 0,
                "left": 0,
                "position": "absolute",
                "right": 0,
                "top": 0,
              }
            }
          />
          <View>
            <RCTImageView
              accessibilityState={
                {
                  "busy": undefined,
                  "checked": undefined,
                  "disabled": undefined,
                  "expanded": undefined,
                  "selected": undefined,
                }
              }
              internal_analyticTag={null}
              resizeMode="contain"
              source={
                [
                  {
                    "height": undefined,
                    "uri": undefined,
                    "width": undefined,
                  },
                ]
              }
              style={
                {
                  "height": 29,
                  "overflow": "hidden",
                  "resizeMode": "contain",
                  "tintColor": "#FFFFFF",
                  "width": 29,
                }
              }
              tintColor="#FFFFFF"
            />
          </View>
        </View>
      </View>
    </View>
    <View
      style={
        {
          "flex": 1,
          "paddingHorizontal": 15,
        }
      }
    >
      <Text
        allowFontScaling={false}
        ellipsizeMode="tail"
        numberOfLines={1}
        style={
          [
            {},
            [
              {
                "fontSize": 23,
                "lineHeight": 35,
              },
              {
                "fontFamily": "Helvetica Neue",
              },
              {
                "color": "#191015",
              },
            ],
            undefined,
            undefined,
            {
              "color": "#FFFFFF",
              "fontFamily": "Helvetica Neue",
              "fontSize": 29,
              "lineHeight": 35,
              "textAlign": "center",
              "width": "100%",
            },
          ]
        }
      />
      <Text
        allowFontScaling={false}
        style={
          [
            {},
            [
              {
                "fontSize": 23,
                "lineHeight": 35,
              },
              {
                "fontFamily": "Helvetica Neue",
              },
              {
                "color": "#191015",
              },
            ],
            undefined,
            undefined,
            {
              "color": "#FFFFFF",
              "fontFamily": "Helvetica Neue",
              "fontSize": 19,
              "lineHeight": 23,
              "textAlign": "center",
              "textTransform": "uppercase",
              "width": "100%",
            },
          ]
        }
      >
        12 Dec 2012 10:10:10
      </Text>
    </View>
    <View
      accessibilityHint="change location"
      accessibilityLabel="pin button"
      accessibilityRole="imagebutton"
      accessibilityState={
        {
          "busy": undefined,
          "checked": undefined,
          "disabled": undefined,
          "expanded": undefined,
          "selected": undefined,
        }
      }
      accessibilityValue={
        {
          "max": undefined,
          "min": undefined,
          "now": undefined,
          "text": undefined,
        }
      }
      accessible={true}
      collapsable={false}
      focusable={true}
      onBlur={[Function]}
      onClick={[Function]}
      onFocus={[Function]}
      onResponderGrant={[Function]}
      onResponderMove={[Function]}
      onResponderRelease={[Function]}
      onResponderTerminate={[Function]}
      onResponderTerminationRequest={[Function]}
      onStartShouldSetResponder={[Function]}
    >
      <View
        animatedStyle={
          {
            "value": {},
          }
        }
        collapsable={false}
        style={
          {
            "alignItems": "center",
            "backgroundColor": "#1E2022",
            "borderRadius": 143,
            "display": "flex",
            "height": 60,
            "justifyContent": "center",
            "overflow": "hidden",
            "position": "relative",
            "width": 60,
          }
        }
      >
        <View
          style={
            [
              {
                "backgroundColor": "transparent",
              },
              [
                {
                  "alignItems": "center",
                  "backgroundColor": "#1E2022",
                  "borderRadius": 143,
                  "display": "flex",
                  "height": 60,
                  "justifyContent": "center",
                  "overflow": "hidden",
                  "position": "relative",
                  "width": 60,
                },
                undefined,
              ],
            ]
          }
        >
          <ViewManagerAdapter_ExpoBlurView
            proxiedProperties={
              {
                "intensity": 50,
                "tint": "default",
              }
            }
            style={
              {
                "bottom": 0,
                "left": 0,
                "position": "absolute",
                "right": 0,
                "top": 0,
              }
            }
          />
          <View>
            <RCTImageView
              accessibilityState={
                {
                  "busy": undefined,
                  "checked": undefined,
                  "disabled": undefined,
                  "expanded": undefined,
                  "selected": undefined,
                }
              }
              internal_analyticTag={null}
              resizeMode="contain"
              source={
                [
                  {
                    "height": undefined,
                    "uri": undefined,
                    "width": undefined,
                  },
                ]
              }
              style={
                {
                  "height": 29,
                  "overflow": "hidden",
                  "resizeMode": "contain",
                  "tintColor": "#FFFFFF",
                  "width": 29,
                }
              }
              tintColor="#FFFFFF"
            />
          </View>
        </View>
      </View>
    </View>
  </View>
  <View
    style={
      [
        {
          "backgroundColor": "rgba(0, 0, 0, 1)",
          "borderRadius": 17,
          "flex": 1,
          "overflow": "hidden",
          "position": "relative",
        },
        {
          "marginTop": 115,
        },
        false,
      ]
    }
  >
    <div />
    <View
      style={
        [
          {
            "backgroundColor": "rgba(255, 255, 255, 0.2)",
            "borderRadius": 143,
            "height": 129,
            "justifyContent": "space-between",
            "overflow": "hidden",
            "padding": 3,
          },
          {
            "bottom": 26,
            "left": 26,
            "padding": 0,
            "position": "absolute",
          },
          false,
        ]
      }
    >
      <View
        style={
          [
            {
              "backgroundColor": "transparent",
            },
            [
              {
                "backgroundColor": "rgba(255, 255, 255, 0.2)",
                "borderRadius": 143,
                "height": 129,
                "justifyContent": "space-between",
                "overflow": "hidden",
                "padding": 3,
              },
              false,
              {
                "bottom": 0,
              },
            ],
          ]
        }
      >
        <ViewManagerAdapter_ExpoBlurView
          proxiedProperties={
            {
              "intensity": 50,
              "tint": "default",
            }
          }
          style={
            {
              "bottom": 0,
              "left": 0,
              "position": "absolute",
              "right": 0,
              "top": 0,
            }
          }
        />
        <View
          accessibilityHint="enable map view"
          accessibilityLabel="2D button"
          accessibilityRole="imagebutton"
          accessibilityState={
            {
              "busy": undefined,
              "checked": undefined,
              "disabled": undefined,
              "expanded": undefined,
              "selected": undefined,
            }
          }
          accessibilityValue={
            {
              "max": undefined,
              "min": undefined,
              "now": undefined,
              "text": undefined,
            }
          }
          accessible={true}
          collapsable={false}
          focusable={true}
          onBlur={[Function]}
          onClick={[Function]}
          onFocus={[Function]}
          onResponderGrant={[Function]}
          onResponderMove={[Function]}
          onResponderRelease={[Function]}
          onResponderTerminate={[Function]}
          onResponderTerminationRequest={[Function]}
          onStartShouldSetResponder={[Function]}
        >
          <View
            animatedStyle={
              {
                "value": {},
              }
            }
            collapsable={false}
            style={
              {
                "alignItems": "center",
                "backgroundColor": "#FFFFFF",
                "borderRadius": 143,
                "display": "flex",
                "height": 58,
                "justifyContent": "center",
                "overflow": "hidden",
                "position": "relative",
                "width": 58,
              }
            }
          >
            <View
              style={
                [
                  {
                    "backgroundColor": "transparent",
                  },
                  [
                    {
                      "alignItems": "center",
                      "backgroundColor": "#1E2022",
                      "borderRadius": 143,
                      "display": "flex",
                      "height": 60,
                      "justifyContent": "center",
                      "overflow": "hidden",
                      "position": "relative",
                      "width": 60,
                    },
                    undefined,
                  ],
                ]
              }
            >
              <ViewManagerAdapter_ExpoBlurView
                proxiedProperties={
                  {
                    "intensity": 0,
                    "tint": "default",
                  }
                }
                style={
                  {
                    "bottom": 0,
                    "left": 0,
                    "position": "absolute",
                    "right": 0,
                    "top": 0,
                  }
                }
              />
              <Text
                allowFontScaling={false}
                style={
                  [
                    {},
                    [
                      {
                        "fontSize": 23,
                        "lineHeight": 35,
                      },
                      {
                        "fontFamily": "Helvetica Neue",
                      },
                      {
                        "color": "#191015",
                      },
                    ],
                    undefined,
                    undefined,
                    [
                      {
                        "color": "#FFFFFF",
                        "fontSize": 40,
                        "lineHeight": 40,
                      },
                      [
                        {
                          "fontFamily": "HelveticaNeue-Medium",
                          "fontSize": 17,
                          "lineHeight": 20,
                        },
                        {
                          "color": "#0B3D91",
                        },
                      ],
                    ],
                  ]
                }
              >
                2D
              </Text>
            </View>
          </View>
        </View>
        <View
          accessibilityHint="enable globe view"
          accessibilityLabel="3D button"
          accessibilityRole="imagebutton"
          accessibilityState={
            {
              "busy": undefined,
              "checked": undefined,
              "disabled": undefined,
              "expanded": undefined,
              "selected": undefined,
            }
          }
          accessibilityValue={
            {
              "max": undefined,
              "min": undefined,
              "now": undefined,
              "text": undefined,
            }
          }
          accessible={true}
          collapsable={false}
          focusable={true}
          onBlur={[Function]}
          onClick={[Function]}
          onFocus={[Function]}
          onResponderGrant={[Function]}
          onResponderMove={[Function]}
          onResponderRelease={[Function]}
          onResponderTerminate={[Function]}
          onResponderTerminationRequest={[Function]}
          onStartShouldSetResponder={[Function]}
        >
          <View
            animatedStyle={
              {
                "value": {},
              }
            }
            collapsable={false}
            style={
              {
                "alignItems": "center",
                "backgroundColor": "transparent",
                "borderRadius": 143,
                "display": "flex",
                "height": 58,
                "justifyContent": "center",
                "overflow": "hidden",
                "position": "relative",
                "width": 58,
              }
            }
          >
            <View
              style={
                [
                  {
                    "backgroundColor": "transparent",
                  },
                  [
                    {
                      "alignItems": "center",
                      "backgroundColor": "#1E2022",
                      "borderRadius": 143,
                      "display": "flex",
                      "height": 60,
                      "justifyContent": "center",
                      "overflow": "hidden",
                      "position": "relative",
                      "width": 60,
                    },
                    undefined,
                  ],
                ]
              }
            >
              <ViewManagerAdapter_ExpoBlurView
                proxiedProperties={
                  {
                    "intensity": 0,
                    "tint": "default",
                  }
                }
                style={
                  {
                    "bottom": 0,
                    "left": 0,
                    "position": "absolute",
                    "right": 0,
                    "top": 0,
                  }
                }
              />
              <Text
                allowFontScaling={false}
                style={
                  [
                    {},
                    [
                      {
                        "fontSize": 23,
                        "lineHeight": 35,
                      },
                      {
                        "fontFamily": "Helvetica Neue",
                      },
                      {
                        "color": "#191015",
                      },
                    ],
                    undefined,
                    undefined,
                    [
                      {
                        "color": "#FFFFFF",
                        "fontSize": 40,
                        "lineHeight": 40,
                      },
                      {
                        "fontFamily": "HelveticaNeue-Medium",
                        "fontSize": 17,
                        "lineHeight": 20,
                      },
                    ],
                  ]
                }
              >
                3D
              </Text>
            </View>
          </View>
        </View>
      </View>
    </View>
    <View
      style={
        [
          {
            "height": 129,
            "justifyContent": "space-between",
          },
          {
            "bottom": 26,
            "position": "absolute",
            "right": 26,
          },
          false,
        ]
      }
    >
      <View
        accessibilityHint="zoom view"
        accessibilityLabel="+ button"
        accessibilityRole="imagebutton"
        accessibilityState={
          {
            "busy": undefined,
            "checked": undefined,
            "disabled": false,
            "expanded": undefined,
            "selected": undefined,
          }
        }
        accessibilityValue={
          {
            "max": undefined,
            "min": undefined,
            "now": undefined,
            "text": undefined,
          }
        }
        accessible={true}
        collapsable={false}
        focusable={true}
        onBlur={[Function]}
        onClick={[Function]}
        onFocus={[Function]}
        onResponderGrant={[Function]}
        onResponderMove={[Function]}
        onResponderRelease={[Function]}
        onResponderTerminate={[Function]}
        onResponderTerminationRequest={[Function]}
        onStartShouldSetResponder={[Function]}
      >
        <View
          animatedStyle={
            {
              "value": {},
            }
          }
          collapsable={false}
          style={
            {
              "alignItems": "center",
              "backgroundColor": "rgba(255, 255, 255, 0.2)",
              "borderRadius": 143,
              "display": "flex",
              "height": 60,
              "justifyContent": "center",
              "overflow": "hidden",
              "position": "relative",
              "width": 60,
            }
          }
        >
          <View
            style={
              [
                {
                  "backgroundColor": "transparent",
                },
                [
                  {
                    "alignItems": "center",
                    "backgroundColor": "#1E2022",
                    "borderRadius": 143,
                    "display": "flex",
                    "height": 60,
                    "justifyContent": "center",
                    "overflow": "hidden",
                    "position": "relative",
                    "width": 60,
                  },
                  undefined,
                ],
              ]
            }
          >
            <ViewManagerAdapter_ExpoBlurView
              proxiedProperties={
                {
                  "intensity": 50,
                  "tint": "default",
                }
              }
              style={
                {
                  "bottom": 0,
                  "left": 0,
                  "position": "absolute",
                  "right": 0,
                  "top": 0,
                }
              }
            />
            <Text
              allowFontScaling={false}
              style={
                [
                  {},
                  [
                    {
                      "fontSize": 23,
                      "lineHeight": 35,
                    },
                    {
                      "fontFamily": "Helvetica Neue",
                    },
                    {
                      "color": "#191015",
                    },
                  ],
                  undefined,
                  undefined,
                  [
                    {
                      "color": "#FFFFFF",
                      "fontSize": 40,
                      "lineHeight": 40,
                    },
                    undefined,
                  ],
                ]
              }
            >
              +
            </Text>
          </View>
        </View>
      </View>
      <View
        accessibilityHint="zoom out view"
        accessibilityLabel="- button"
        accessibilityRole="imagebutton"
        accessibilityState={
          {
            "busy": undefined,
            "checked": undefined,
            "disabled": true,
            "expanded": undefined,
            "selected": undefined,
          }
        }
        accessibilityValue={
          {
            "max": undefined,
            "min": undefined,
            "now": undefined,
            "text": undefined,
          }
        }
        accessible={true}
        collapsable={false}
        focusable={true}
        onBlur={[Function]}
        onClick={[Function]}
        onFocus={[Function]}
        onResponderGrant={[Function]}
        onResponderMove={[Function]}
        onResponderRelease={[Function]}
        onResponderTerminate={[Function]}
        onResponderTerminationRequest={[Function]}
        onStartShouldSetResponder={[Function]}
      >
        <View
          animatedStyle={
            {
              "value": {},
            }
          }
          collapsable={false}
          style={
            {
              "alignItems": "center",
              "backgroundColor": "rgba(255, 255, 255, 0.2)",
              "borderRadius": 143,
              "display": "flex",
              "height": 60,
              "justifyContent": "center",
              "opacity": 0.25,
              "overflow": "hidden",
              "position": "relative",
              "width": 60,
            }
          }
        >
          <View
            style={
              [
                {
                  "backgroundColor": "transparent",
                },
                [
                  {
                    "alignItems": "center",
                    "backgroundColor": "#1E2022",
                    "borderRadius": 143,
                    "display": "flex",
                    "height": 60,
                    "justifyContent": "center",
                    "overflow": "hidden",
                    "position": "relative",
                    "width": 60,
                  },
                  undefined,
                ],
              ]
            }
          >
            <ViewManagerAdapter_ExpoBlurView
              proxiedProperties={
                {
                  "intensity": 50,
                  "tint": "default",
                }
              }
              style={
                {
                  "bottom": 0,
                  "left": 0,
                  "position": "absolute",
                  "right": 0,
                  "top": 0,
                }
              }
            />
            <Text
              allowFontScaling={false}
              style={
                [
                  {},
                  [
                    {
                      "fontSize": 23,
                      "lineHeight": 35,
                    },
                    {
                      "fontFamily": "Helvetica Neue",
                    },
                    {
                      "color": "#191015",
                    },
                  ],
                  undefined,
                  undefined,
                  [
                    {
                      "color": "#FFFFFF",
                      "fontSize": 40,
                      "lineHeight": 40,
                    },
                    undefined,
                  ],
                ]
              }
            >
              -
            </Text>
          </View>
        </View>
      </View>
    </View>
  </View>
  <Modal
    animationType="none"
    deviceHeight={null}
    deviceWidth={null}
    hardwareAccelerated={false}
    hideModalContentWhileAnimating={true}
    onBackdropPress={[Function]}
    onModalHide={[Function]}
    onModalWillHide={[Function]}
    onModalWillShow={[Function]}
    onRequestClose={[Function]}
    onSwipeComplete={[Function]}
    panResponderThreshold={4}
    scrollHorizontal={false}
    scrollOffset={0}
    scrollOffsetMax={0}
    scrollTo={null}
    statusBarTranslucent={false}
    supportedOrientations={
      [
        "portrait",
        "landscape",
      ]
    }
    swipeDirection="down"
    swipeThreshold={100}
    transparent={true}
    useNativeDriverForBackdrop={true}
    visible={false}
  />
  <Modal
    animationType="none"
    deviceHeight={null}
    deviceWidth={null}
    hardwareAccelerated={false}
    hideModalContentWhileAnimating={false}
    onBackdropPress={[Function]}
    onModalHide={[Function]}
    onModalWillHide={[Function]}
    onModalWillShow={[Function]}
    onRequestClose={[Function]}
    panResponderThreshold={4}
    scrollHorizontal={false}
    scrollOffset={0}
    scrollOffsetMax={0}
    scrollTo={null}
    statusBarTranslucent={false}
    supportedOrientations={
      [
        "portrait",
        "landscape",
      ]
    }
    swipeThreshold={100}
    transparent={true}
    useNativeDriverForBackdrop={true}
    visible={false}
  />
</div>
`;
